[    0.000000] Linux version 4.15.0-101-generic (buildd@lgw01-amd64-003) (gcc version 7.5.0 (Ubuntu 7.5.0-3ubuntu1~18.04)) #102-Ubuntu SMP Mon May 11 10:07:26 UTC 2020 (Ubuntu 4.15.0-101.102-generic 4.15.18)
[    0.000000] Command line: BOOT_IMAGE=/boot/vmlinuz-4.15.0-101-generic root=LABEL=cloudimg-rootfs ro console=tty1 console=ttyS0
[    0.000000] KERNEL supported cpus:
[    0.000000]   Intel GenuineIntel
[    0.000000]   AMD AuthenticAMD
[    0.000000]   Centaur CentaurHauls
[    0.000000] x86/fpu: Supporting XSAVE feature 0x001: 'x87 floating point registers'
[    0.000000] x86/fpu: Supporting XSAVE feature 0x002: 'SSE registers'
[    0.000000] x86/fpu: Supporting XSAVE feature 0x004: 'AVX registers'
[    0.000000] x86/fpu: xstate_offset[2]:  576, xstate_sizes[2]:  256
[    0.000000] x86/fpu: Enabled xstate features 0x7, context size is 832 bytes, using 'standard' format.
[    0.000000] e820: BIOS-provided physical RAM map:
[    0.000000] BIOS-e820: [mem 0x0000000000000000-0x000000000009fbff] usable
[    0.000000] BIOS-e820: [mem 0x000000000009fc00-0x000000000009ffff] reserved
[    0.000000] BIOS-e820: [mem 0x00000000000f0000-0x00000000000fffff] reserved
[    0.000000] BIOS-e820: [mem 0x0000000000100000-0x000000003ffeffff] usable
[    0.000000] BIOS-e820: [mem 0x000000003fff0000-0x000000003fffffff] ACPI data
[    0.000000] BIOS-e820: [mem 0x00000000fec00000-0x00000000fec00fff] reserved
[    0.000000] BIOS-e820: [mem 0x00000000fee00000-0x00000000fee00fff] reserved
[    0.000000] BIOS-e820: [mem 0x00000000fffc0000-0x00000000ffffffff] reserved
[    0.000000] NX (Execute Disable) protection: active
[    0.000000] SMBIOS 2.5 present.
[    0.000000] DMI: innotek GmbH VirtualBox/VirtualBox, BIOS VirtualBox 12/01/2006
[    0.000000] Hypervisor detected: KVM
[    0.000000] e820: last_pfn = 0x3fff0 max_arch_pfn = 0x400000000
[    0.000000] MTRR: Disabled
[    0.000000] x86/PAT: MTRRs disabled, skipping PAT initialization too.
[    0.000000] CPU MTRRs all blank - virtualized system.
[    0.000000] x86/PAT: Configuration [0-7]: WB  WT  UC- UC  WB  WT  UC- UC  
[    0.000000] found SMP MP-table at [mem 0x0009fff0-0x0009ffff]
[    0.000000] Scanning 1 areas for low memory corruption
[    0.000000] RAMDISK: [mem 0x35a6f000-0x36d2efff]
[    0.000000] ACPI: Early table checksum verification disabled
[    0.000000] ACPI: RSDP 0x00000000000E0000 000024 (v02 VBOX  )
[    0.000000] ACPI: XSDT 0x000000003FFF0030 00003C (v01 VBOX   VBOXXSDT 00000001 ASL  00000061)
[    0.000000] ACPI: FACP 0x000000003FFF00F0 0000F4 (v04 VBOX   VBOXFACP 00000001 ASL  00000061)
[    0.000000] ACPI: DSDT 0x000000003FFF0470 0022EA (v02 VBOX   VBOXBIOS 00000002 INTL 20100528)
[    0.000000] ACPI: FACS 0x000000003FFF0200 000040
[    0.000000] ACPI: FACS 0x000000003FFF0200 000040
[    0.000000] ACPI: APIC 0x000000003FFF0240 00005C (v02 VBOX   VBOXAPIC 00000001 ASL  00000061)
[    0.000000] ACPI: SSDT 0x000000003FFF02A0 0001CC (v01 VBOX   VBOXCPUT 00000002 INTL 20100528)
[    0.000000] No NUMA configuration found
[    0.000000] Faking a node at [mem 0x0000000000000000-0x000000003ffeffff]
[    0.000000] NODE_DATA(0) allocated [mem 0x3ffc5000-0x3ffeffff]
[    0.000000] kvm-clock: cpu 0, msr 0:3ff44001, primary cpu clock
[    0.000000] kvm-clock: Using msrs 4b564d01 and 4b564d00
[    0.000000] kvm-clock: using sched offset of 3580452441 cycles
[    0.000000] clocksource: kvm-clock: mask: 0xffffffffffffffff max_cycles: 0x1cd42e4dffb, max_idle_ns: 881590591483 ns
[    0.000000] Zone ranges:
[    0.000000]   DMA      [mem 0x0000000000001000-0x0000000000ffffff]
[    0.000000]   DMA32    [mem 0x0000000001000000-0x000000003ffeffff]
[    0.000000]   Normal   empty
[    0.000000]   Device   empty
[    0.000000] Movable zone start for each node
[    0.000000] Early memory node ranges
[    0.000000]   node   0: [mem 0x0000000000001000-0x000000000009efff]
[    0.000000]   node   0: [mem 0x0000000000100000-0x000000003ffeffff]
[    0.000000] Reserved but unavailable: 98 pages
[    0.000000] Initmem setup node 0 [mem 0x0000000000001000-0x000000003ffeffff]
[    0.000000] ACPI: PM-Timer IO Port: 0x4008
[    0.000000] IOAPIC[0]: apic_id 2, version 32, address 0xfec00000, GSI 0-23
[    0.000000] ACPI: INT_SRC_OVR (bus 0 bus_irq 0 global_irq 2 dfl dfl)
[    0.000000] ACPI: INT_SRC_OVR (bus 0 bus_irq 9 global_irq 9 low level)
[    0.000000] Using ACPI (MADT) for SMP configuration information
[    0.000000] smpboot: Allowing 2 CPUs, 0 hotplug CPUs
[    0.000000] PM: Registered nosave memory: [mem 0x00000000-0x00000fff]
[    0.000000] PM: Registered nosave memory: [mem 0x0009f000-0x0009ffff]
[    0.000000] PM: Registered nosave memory: [mem 0x000a0000-0x000effff]
[    0.000000] PM: Registered nosave memory: [mem 0x000f0000-0x000fffff]
[    0.000000] e820: [mem 0x40000000-0xfebfffff] available for PCI devices
[    0.000000] Booting paravirtualized kernel on KVM
[    0.000000] clocksource: refined-jiffies: mask: 0xffffffff max_cycles: 0xffffffff, max_idle_ns: 7645519600211568 ns
[    0.000000] random: get_random_bytes called from start_kernel+0x99/0x4fd with crng_init=0
[    0.000000] setup_percpu: NR_CPUS:8192 nr_cpumask_bits:2 nr_cpu_ids:2 nr_node_ids:1
[    0.000000] percpu: Embedded 45 pages/cpu s147456 r8192 d28672 u1048576
[    0.000000] PV qspinlock hash table entries: 256 (order: 0, 4096 bytes)
[    0.000000] Built 1 zonelists, mobility grouping on.  Total pages: 257913
[    0.000000] Policy zone: DMA32
[    0.000000] Kernel command line: BOOT_IMAGE=/boot/vmlinuz-4.15.0-101-generic root=LABEL=cloudimg-rootfs ro console=tty1 console=ttyS0
[    0.000000] Memory: 983068K/1048120K available (12300K kernel code, 2481K rwdata, 4268K rodata, 2432K init, 2712K bss, 65052K reserved, 0K cma-reserved)
[    0.000000] SLUB: HWalign=64, Order=0-3, MinObjects=0, CPUs=2, Nodes=1
[    0.000000] Kernel/User page tables isolation: enabled
[    0.000000] ftrace: allocating 39364 entries in 154 pages
[    0.004000] Hierarchical RCU implementation.
[    0.004000] 	RCU restricting CPUs from NR_CPUS=8192 to nr_cpu_ids=2.
[    0.004000] 	Tasks RCU enabled.
[    0.004000] RCU: Adjusting geometry for rcu_fanout_leaf=16, nr_cpu_ids=2
[    0.004000] NR_IRQS: 524544, nr_irqs: 440, preallocated irqs: 16
[    0.004000] Console: colour VGA+ 80x25
[    0.004000] console [tty1] enabled
[    0.004000] console [ttyS0] enabled
[    0.004000] ACPI: Core revision 20170831
[    0.004000] ACPI: 2 ACPI AML tables successfully acquired and loaded
[    0.004000] APIC: Switch to symmetric I/O mode setup
[    0.004000] x2apic enabled
[    0.004000] Switched APIC routing to physical x2apic.
[    0.004000] ..TIMER: vector=0x30 apic1=0 pin1=2 apic2=-1 pin2=-1
[    0.004005] tsc: Detected 2593.994 MHz processor
[    0.005018] Calibrating delay loop (skipped) preset value.. 5187.98 BogoMIPS (lpj=10375976)
[    0.008002] pid_max: default: 32768 minimum: 301
[    0.008933] Security Framework initialized
[    0.009788] Yama: becoming mindful.
[    0.010581] AppArmor: AppArmor initialized
[    0.012049] Dentry cache hash table entries: 131072 (order: 8, 1048576 bytes)
[    0.013534] Inode-cache hash table entries: 65536 (order: 7, 524288 bytes)
[    0.014752] Mount-cache hash table entries: 2048 (order: 2, 16384 bytes)
[    0.016006] Mountpoint-cache hash table entries: 2048 (order: 2, 16384 bytes)
[    0.017623] Last level iTLB entries: 4KB 1024, 2MB 1024, 4MB 1024
[    0.018797] Last level dTLB entries: 4KB 1024, 2MB 1024, 4MB 1024, 1GB 4
[    0.020002] Spectre V1 : Mitigation: usercopy/swapgs barriers and __user pointer sanitization
[    0.021601] Spectre V2 : Mitigation: Full generic retpoline
[    0.022831] Spectre V2 : Spectre v2 / SpectreRSB mitigation: Filling RSB on context switch
[    0.024004] Speculative Store Bypass: Vulnerable
[    0.025140] MDS: Mitigation: Clear CPU buffers
[    0.026177] Freeing SMP alternatives memory: 36K
[    0.138125] smpboot: CPU0: Intel(R) Core(TM) i7-4960HQ CPU @ 2.60GHz (family: 0x6, model: 0x46, stepping: 0x1)
[    0.140000] Performance Events: unsupported p6 CPU model 70 no PMU driver, software events only.
[    0.140031] Hierarchical SRCU implementation.
[    0.141339] NMI watchdog: Perf event create on CPU 0 failed with -2
[    0.142574] NMI watchdog: Perf NMI watchdog permanently disabled
[    0.143784] smp: Bringing up secondary CPUs ...
[    0.144066] x86: Booting SMP configuration:
[    0.144878] .... node  #0, CPUs:      #1
[    0.004000] kvm-clock: cpu 1, msr 0:3ff44041, secondary cpu clock
[    0.150080] smp: Brought up 1 node, 2 CPUs
[    0.150080] smpboot: Max logical packages: 1
[    0.150080] smpboot: Total of 2 processors activated (10375.97 BogoMIPS)
[    0.152119] devtmpfs: initialized
[    0.152809] x86/mm: Memory block size: 128MB
[    0.153701] evm: security.selinux
[    0.154343] evm: security.SMACK64
[    0.156003] evm: security.SMACK64EXEC
[    0.156772] evm: security.SMACK64TRANSMUTE
[    0.157572] evm: security.SMACK64MMAP
[    0.158388] evm: security.apparmor
[    0.159085] evm: security.ima
[    0.160002] evm: security.capability
[    0.160759] clocksource: jiffies: mask: 0xffffffff max_cycles: 0xffffffff, max_idle_ns: 7645041785100000 ns
[    0.161864] futex hash table entries: 512 (order: 3, 32768 bytes)
[    0.165287] pinctrl core: initialized pinctrl subsystem
[    0.166476] RTC time: 18:11:24, date: 05/27/20
[    0.168048] NET: Registered protocol family 16
[    0.169055] audit: initializing netlink subsys (disabled)
[    0.170063] audit: type=2000 audit(1590603089.980:1): state=initialized audit_enabled=0 res=1
[    0.170063] cpuidle: using governor ladder
[    0.172011] cpuidle: using governor menu
[    0.172826] ACPI: bus type PCI registered
[    0.173672] acpiphp: ACPI Hot Plug PCI Controller Driver version: 0.5
[    0.175167] PCI: Using configuration type 1 for base access
[    0.176773] HugeTLB registered 2.00 MiB page size, pre-allocated 0 pages
[    0.177237] ACPI: Added _OSI(Module Device)
[    0.180006] ACPI: Added _OSI(Processor Device)
[    0.180914] ACPI: Added _OSI(3.0 _SCP Extensions)
[    0.181888] ACPI: Added _OSI(Processor Aggregator Device)
[    0.182896] ACPI: Added _OSI(Linux-Dell-Video)
[    0.184002] ACPI: Added _OSI(Linux-Lenovo-NV-HDMI-Audio)
[    0.184987] ACPI: Added _OSI(Linux-HPI-Hybrid-Graphics)
[    0.186392] ACPI: Executed 1 blocks of module-level executable AML code
[    0.190598] ACPI: Interpreter enabled
[    0.191342] ACPI: (supports S0 S5)
[    0.192002] ACPI: Using IOAPIC for interrupt routing
[    0.193332] PCI: Using host bridge windows from ACPI; if necessary, use "pci=nocrs" and report a bug
[    0.195569] ACPI: Enabled 2 GPEs in block 00 to 07
[    0.202798] ACPI: PCI Root Bridge [PCI0] (domain 0000 [bus 00-ff])
[    0.204007] acpi PNP0A03:00: _OSC: OS supports [ASPM ClockPM Segments MSI]
[    0.205692] acpi PNP0A03:00: _OSC: not requesting OS control; OS requires [ExtendedConfig ASPM ClockPM MSI]
[    0.208010] acpi PNP0A03:00: fail to add MMCONFIG information, can't access extended PCI configuration space under this bridge.
[    0.210407] PCI host bridge to bus 0000:00
[    0.211160] pci_bus 0000:00: root bus resource [io  0x0000-0x0cf7 window]
[    0.212003] pci_bus 0000:00: root bus resource [io  0x0d00-0xffff window]
[    0.213350] pci_bus 0000:00: root bus resource [mem 0x000a0000-0x000bffff window]
[    0.215045] pci_bus 0000:00: root bus resource [mem 0x40000000-0xfdffffff window]
[    0.216004] pci_bus 0000:00: root bus resource [bus 00-ff]
[    0.221478] pci 0000:00:01.1: legacy IDE quirk: reg 0x10: [io  0x01f0-0x01f7]
[    0.222902] pci 0000:00:01.1: legacy IDE quirk: reg 0x14: [io  0x03f6]
[    0.224002] pci 0000:00:01.1: legacy IDE quirk: reg 0x18: [io  0x0170-0x0177]
[    0.225444] pci 0000:00:01.1: legacy IDE quirk: reg 0x1c: [io  0x0376]
[    0.240822] pci 0000:00:07.0: quirk: [io  0x4000-0x403f] claimed by PIIX4 ACPI
[    0.242229] pci 0000:00:07.0: quirk: [io  0x4100-0x410f] claimed by PIIX4 SMB
[    0.253912] ACPI: PCI Interrupt Link [LNKA] (IRQs 5 9 10 *11)
[    0.255371] ACPI: PCI Interrupt Link [LNKB] (IRQs 5 9 *10 11)
[    0.256135] ACPI: PCI Interrupt Link [LNKC] (IRQs 5 *9 10 11)
[    0.257744] ACPI: PCI Interrupt Link [LNKD] (IRQs 5 9 10 *11)
[    0.259461] SCSI subsystem initialized
[    0.260056] pci 0000:00:02.0: vgaarb: setting as boot VGA device
[    0.261376] pci 0000:00:02.0: vgaarb: VGA device added: decodes=io+mem,owns=io+mem,locks=none
[    0.264044] pci 0000:00:02.0: vgaarb: bridge control possible
[    0.265157] vgaarb: loaded
[    0.266009] ACPI: bus type USB registered
[    0.267199] usbcore: registered new interface driver usbfs
[    0.268017] usbcore: registered new interface driver hub
[    0.269132] usbcore: registered new device driver usb
[    0.270152] EDAC MC: Ver: 3.0.0
[    0.272303] PCI: Using ACPI for IRQ routing
[    0.273587] NetLabel: Initializing
[    0.274254] NetLabel:  domain hash size = 128
[    0.276003] NetLabel:  protocols = UNLABELED CIPSOv4 CALIPSO
[    0.277099] NetLabel:  unlabeled traffic allowed by default
[    0.278582] clocksource: Switched to clocksource kvm-clock
[    0.289564] VFS: Disk quotas dquot_6.6.0
[    0.290390] VFS: Dquot-cache hash table entries: 512 (order 0, 4096 bytes)
[    0.291825] AppArmor: AppArmor Filesystem Enabled
[    0.293030] pnp: PnP ACPI init
[    0.295255] pnp: PnP ACPI: found 3 devices
[    0.306848] clocksource: acpi_pm: mask: 0xffffff max_cycles: 0xffffff, max_idle_ns: 2085701024 ns
[    0.308700] NET: Registered protocol family 2
[    0.309702] TCP established hash table entries: 8192 (order: 4, 65536 bytes)
[    0.311212] TCP bind hash table entries: 8192 (order: 5, 131072 bytes)
[    0.313839] TCP: Hash tables configured (established 8192 bind 8192)
[    0.315318] UDP hash table entries: 512 (order: 2, 16384 bytes)
[    0.316459] UDP-Lite hash table entries: 512 (order: 2, 16384 bytes)
[    0.317645] NET: Registered protocol family 1
[    0.318470] pci 0000:00:00.0: Limiting direct PCI/PCI transfers
[    0.319571] pci 0000:00:01.0: Activating ISA DMA hang workarounds
[    0.320852] pci 0000:00:02.0: Video device with shadowed ROM at [mem 0x000c0000-0x000dffff]
[    0.322496] Unpacking initramfs...
[    0.557012] Freeing initrd memory: 19200K
[    0.557945] clocksource: tsc: mask: 0xffffffffffffffff max_cycles: 0x256412811b4, max_idle_ns: 440795306987 ns
[    0.560199] platform rtc_cmos: registered platform RTC device (no PNP device found)
[    0.561819] Scanning for low memory corruption every 60 seconds
[    0.563659] Initialise system trusted keyrings
[    0.564678] Key type blacklist registered
[    0.565678] workingset: timestamp_bits=36 max_order=18 bucket_order=0
[    0.567852] zbud: loaded
[    0.568891] squashfs: version 4.0 (2009/01/31) Phillip Lougher
[    0.570208] fuse init (API version 7.26)
[    0.573613] Key type asymmetric registered
[    0.574501] Asymmetric key parser 'x509' registered
[    0.575493] Block layer SCSI generic (bsg) driver version 0.4 loaded (major 246)
[    0.577277] io scheduler noop registered
[    0.578026] io scheduler deadline registered
[    0.578848] io scheduler cfq registered (default)
[    0.580241] ACPI: AC Adapter [AC] (on-line)
[    0.581118] input: Power Button as /devices/LNXSYSTM:00/LNXPWRBN:00/input/input0
[    0.582577] ACPI: Power Button [PWRF]
[    0.583366] input: Sleep Button as /devices/LNXSYSTM:00/LNXSLPBN:00/input/input1
[    0.584793] ACPI: Sleep Button [SLPF]
[    0.586836] ACPI: Battery Slot [BAT0] (battery present)
[    0.587955] Serial: 8250/16550 driver, 32 ports, IRQ sharing enabled
[    0.610271] 00:02: ttyS0 at I/O 0x3f8 (irq = 4, base_baud = 115200) is a 16550A
[    0.615011] Linux agpgart interface v0.103
[    0.617467] loop: module loaded
[    0.618770] scsi host0: ata_piix
[    0.619603] scsi host1: ata_piix
[    0.620311] ata1: PATA max UDMA/33 cmd 0x1f0 ctl 0x3f6 bmdma 0xd000 irq 14
[    0.621563] ata2: PATA max UDMA/33 cmd 0x170 ctl 0x376 bmdma 0xd008 irq 15
[    0.623206] libphy: Fixed MDIO Bus: probed
[    0.624062] tun: Universal TUN/TAP device driver, 1.6
[    0.625172] PPP generic driver version 2.4.2
[    0.626075] ehci_hcd: USB 2.0 'Enhanced' Host Controller (EHCI) Driver
[    0.627266] ehci-pci: EHCI PCI platform driver
[    0.628118] ehci-platform: EHCI generic platform driver
[    0.629210] ohci_hcd: USB 1.1 'Open' Host Controller (OHCI) Driver
[    0.630438] ohci-pci: OHCI PCI platform driver
[    0.631313] ohci-platform: OHCI generic platform driver
[    0.632453] uhci_hcd: USB Universal Host Controller Interface driver
[    0.633733] i8042: PNP: PS/2 Controller [PNP0303:PS2K,PNP0f03:PS2M] at 0x60,0x64 irq 1,12
[    0.635739] serio: i8042 KBD port at 0x60,0x64 irq 1
[    0.636768] serio: i8042 AUX port at 0x60,0x64 irq 12
[    0.638051] mousedev: PS/2 mouse device common for all mice
[    0.639771] rtc_cmos rtc_cmos: rtc core: registered rtc_cmos as rtc0
[    0.641136] input: AT Translated Set 2 keyboard as /devices/platform/i8042/serio0/input/input2
[    0.642870] rtc_cmos rtc_cmos: alarms up to one day, 114 bytes nvram
[    0.644040] i2c /dev entries driver
[    0.644822] device-mapper: uevent: version 1.0.3
[    0.645972] device-mapper: ioctl: 4.37.0-ioctl (2017-09-20) initialised: dm-devel@redhat.com
[    0.647813] ledtrig-cpu: registered to indicate activity on CPUs
[    0.649606] NET: Registered protocol family 10
[    0.654700] Segment Routing with IPv6
[    0.655448] NET: Registered protocol family 17
[    0.656461] Key type dns_resolver registered
[    0.657580] mce: Using 0 MCE banks
[    0.658353] RAS: Correctable Errors collector initialized.
[    0.659454] sched_clock: Marking stable (657554683, 0)->(801709803, -144155120)
[    0.661518] registered taskstats version 1
[    0.662349] Loading compiled-in X.509 certificates
[    0.665798] Loaded X.509 cert 'Build time autogenerated kernel key: 81757e40860ca54b8a45e323b66799c03c91a344'
[    0.667686] zswap: loaded using pool lzo/zbud
[    0.671800] Key type big_key registered
[    0.672675] Key type trusted registered
[    0.674907] Key type encrypted registered
[    0.675901] AppArmor: AppArmor sha1 policy hashing enabled
[    0.676963] ima: No TPM chip found, activating TPM-bypass! (rc=-19)
[    0.678143] ima: Allocated hash algorithm: sha1
[    0.679002] evm: HMAC attrs: 0x1
[    0.679928]   Magic number: 4:549:191
[    0.680769] rtc_cmos rtc_cmos: setting system clock to 2020-05-27 18:11:25 UTC (1590603085)
[    0.682409] BIOS EDD facility v0.16 2004-Jun-25, 0 devices found
[    0.683507] EDD information not available.
[    0.782530] Freeing unused kernel image memory: 2432K
[    0.810728] Write protecting the kernel read-only data: 20480k
[    0.813150] Freeing unused kernel image memory: 2008K
[    0.814760] Freeing unused kernel image memory: 1876K
[    0.821342] x86/mm: Checked W+X mappings: passed, no W+X pages found.
[    0.822676] x86/mm: Checking user space page tables
[    0.828579] x86/mm: Checked W+X mappings: passed, no W+X pages found.
Loading, please wait...
starting version 237
[    0.890812] Fusion MPT base driver 3.04.20
[    0.891751] Copyright (c) 1999-2008 LSI Corporation
[    0.898130] Fusion MPT SPI Host driver 3.04.20
[    0.899393] e1000: Intel(R) PRO/1000 Network Driver - version 7.3.21-k8-NAPI
[    0.900850] e1000: Copyright (c) 1999-2006 Intel Corporation.
[    0.904071] mptbase: ioc0: Initiating bringup
[    0.921700] AVX2 version of gcm_enc/dec engaged.
[    0.922735] AES CTR mode by8 optimization enabled
[    1.008608] ioc0: LSI53C1030 A0: Capabilities={Initiator}
[    1.133651] input: ImExPS/2 Generic Explorer Mouse as /devices/platform/i8042/serio1/input/input4
[    1.256877] scsi host2: ioc0: LSI53C1030 A0, FwRev=00000000h, Ports=1, MaxQ=256, IRQ=20
[    1.426100] scsi 2:0:0:0: Direct-Access     VBOX     HARDDISK         1.0  PQ: 0 ANSI: 5
[    1.580059] scsi target2:0:0: Beginning Domain Validation
[    1.583131] scsi target2:0:0: Domain Validation skipping write tests
[    1.584411] scsi target2:0:0: Ending Domain Validation
[    1.585486] scsi target2:0:0: asynchronous
[    1.586780] scsi 2:0:1:0: Direct-Access     VBOX     HARDDISK         1.0  PQ: 0 ANSI: 5
[    1.868642] scsi target2:0:1: Beginning Domain Validation
[    1.873069] random: fast init done
[    1.874320] scsi target2:0:1: Domain Validation skipping write tests
[    1.875772] scsi target2:0:1: Ending Domain Validation
[    1.876989] scsi target2:0:1: asynchronous
[    1.881412] random: systemd-udevd: uninitialized urandom read (16 bytes read)
[    1.882715] random: systemd-udevd: uninitialized urandom read (16 bytes read)
[    1.884032] random: systemd-udevd: uninitialized urandom read (16 bytes read)
[    1.885704] sd 2:0:0:0: Attached scsi generic sg0 type 0
[    1.887245] sd 2:0:0:0: [sda] 20971520 512-byte logical blocks: (10.7 GB/10.0 GiB)
[    1.888775] sd 2:0:1:0: Attached scsi generic sg1 type 0
[    1.889941] sd 2:0:0:0: [sda] Write Protect is off
[    1.891123] sd 2:0:1:0: [sdb] 20480 512-byte logical blocks: (10.5 MB/10.0 MiB)
[    1.892569] sd 2:0:0:0: [sda] Incomplete mode parameter data
[    1.893630] sd 2:0:0:0: [sda] Assuming drive cache: write through
[    1.894805] sd 2:0:1:0: [sdb] Write Protect is off
[    1.896117] sd 2:0:1:0: [sdb] Incomplete mode parameter data
[    1.897196] sd 2:0:1:0: [sdb] Assuming drive cache: write through
[    1.899301]  sda: sda1
[    1.901689] sd 2:0:0:0: [sda] Attached SCSI disk
[    1.903165] sd 2:0:1:0: [sdb] Attached SCSI disk
[    1.910720] e1000 0000:00:03.0 eth0: (PCI:33MHz:32-bit) 02:d0:42:45:d9:44
[    1.912548] e1000 0000:00:03.0 eth0: Intel(R) PRO/1000 Network Connection
[    2.318759] e1000 0000:00:08.0 eth1: (PCI:33MHz:32-bit) 08:00:27:d3:03:6e
[    2.320171] e1000 0000:00:08.0 eth1: Intel(R) PRO/1000 Network Connection
[    2.324716] e1000 0000:00:08.0 enp0s8: renamed from eth1
[    2.340372] e1000 0000:00:03.0 enp0s3: renamed from eth0
Begin: Loading essential drivers ... [    3.744402] raid6: sse2x1   gen() 11342 MB/s
[    3.792208] raid6: sse2x1   xor()  7596 MB/s
[    3.840798] raid6: sse2x2   gen() 14105 MB/s
[    3.888088] raid6: sse2x2   xor()  9390 MB/s
[    3.938182] raid6: sse2x4   gen() 17483 MB/s
[    3.984621] raid6: sse2x4   xor() 10261 MB/s
[    4.034047] raid6: avx2x1   gen() 22964 MB/s
[    4.080181] raid6: avx2x1   xor() 15129 MB/s
[    4.130067] raid6: avx2x2   gen() 26694 MB/s
[    4.176040] raid6: avx2x2   xor() 15607 MB/s
[    4.224022] raid6: avx2x4   gen() 27852 MB/s
[    4.272062] raid6: avx2x4   xor() 18470 MB/s
[    4.272929] raid6: using algorithm avx2x4 gen() 27852 MB/s
[    4.274028] raid6: .... xor() 18470 MB/s, rmw enabled
[    4.275005] raid6: using avx2x2 recovery algorithm
[    4.278090] xor: automatically using best checksumming function   avx       
[    4.281437] async_tx: api initialized (async)
done.
Begin: Running /scripts/init-premount ... done.
Begin: Mounting root file system ... Begin: Running /scripts/local-top ... done.
Begin: Running /scripts/local-premount ... [    4.324146] Btrfs loaded, crc32c=crc32c-intel
Scanning for Btrfs filesystems
done.
Warning: fsck not present, so skipping root file system
[    4.348888] EXT4-fs (sda1): mounted filesystem with ordered data mode. Opts: (null)
done.
Begin: Running /scripts/local-bottom ... done.
Begin: Running /scripts/init-bottom ... done.
[    4.463856] ip_tables: (C) 2000-2006 Netfilter Core Team
[    4.470038] systemd[1]: systemd 237 running in system mode. (+PAM +AUDIT +SELINUX +IMA +APPARMOR +SMACK +SYSVINIT +UTMP +LIBCRYPTSETUP +GCRYPT +GNUTLS +ACL +XZ +LZ4 +SECCOMP +BLKID +ELFUTILS +KMOD -IDN2 +IDN -PCRE2 default-hierarchy=hybrid)
[    4.473954] systemd[1]: Detected virtualization oracle.
[    4.474940] systemd[1]: Detected architecture x86-64.

Welcome to [1mUbuntu 18.04.4 LTS[0m!

[    4.480458] systemd[1]: Set hostname to <ubuntu>.
[    4.484680] systemd[1]: Initializing machine ID from random generator.
[    4.486059] systemd[1]: Installed transient /etc/machine-id file.
[    4.661115] systemd[1]: Reached target System Time Synchronized.
[[0;32m  OK  [0m] Reached target System Time Synchronized.
[    4.663347] systemd[1]: Set up automount Arbitrary Executable File Formats File System Automount Point.
[[0;32m  OK  [0m] Set up automount Arbitrary Executabâ€¦rmats File System Automount Point.
[    4.666981] systemd[1]: Reached target User and Group Name Lookups.
[[0;32m  OK  [0m] Reached target User and Group Name Lookups.
[    4.669249] systemd[1]: Started Forward Password Requests to Wall Directory Watch.
[[0;32m  OK  [0m] Started Forward Password Requests to Wall Directory Watch.
[[0;32m  OK  [0m] Created slice User and Session Slice.
[[0;32m  OK  [0m] Created slice System Slice.
[[0;32m  OK  [0m] Listening on udev Control Socket.
[[0;32m  OK  [0m] Listening on Network Service Netlink Socket.
[[0;32m  OK  [0m] Listening on Journal Socket.
[[0;32m  OK  [0m] Listening on LVM2 poll daemon socket.
[[0;32m  OK  [0m] Listening on Journal Socket (/dev/log).
         Starting Set the console keyboard layout...
[[0;32m  OK  [0m] Listening on LVM2 metadata daemon socket.
[[0;32m  OK  [0m] Listening on Journal Audit Socket.
[[0;32m  OK  [0m] Listening on Syslog Socket.
         Starting Journal Service...
         Mounting Kernel Debug File System...
         Mounting POSIX Message Queue File System...
         Starting Remount Root and Kernel File Systems...
[[0;32m  OK  [0m] Reached target Slices.
[[0;32m  OK  [0m] Created slice system-serial\x2dgetty.slice.
[[0;32m  OK  [0m] Listening on udev Kernel Socket.
         Starting udev Coldplug all Devices...
         Starting Uncomplicated firewall...
[    4.774150] EXT4-fs (sda1): re-mounted. Opts: (null)
[[0;32m  OK  [0m] Listening on /dev/initctl Compatibility Named Pipe.
         Starting Create list of required stâ€¦ce nodes for the current kernel...
[[0;32m  OK  [0m] Listening on Device-mapper event daemon FIFOs.
         Starting Monitoring of LVM2 mirrorsâ€¦ng dmeventd or progress polling...
         Starting Load Kernel Modules...
[[0;32m  OK  [0m] Reached target Swap.
         Mounting Huge Pages File System...
[[0;32m  OK  [0m] Started Journal Service.
[[0;32m  OK  [0m] Mounted Kernel Debug File System.
[[0;32m  OK  [0m] Mounted POSIX Message Queue File System.
[[0;32m  OK  [0m] Started Remount Root and Kernel File Systems.
[[0;32m  OK  [0m] Started Uncomplicated firewall.
[[0;32m  OK  [0m] Started Create list of required staâ€¦vice nodes for the current kernel.
[[0;32m  OK  [0m] Mounted Huge Pages File System.
[[0;32m  OK  [0m] Started LVM2 metadata daemon.
[    4.846966] Loading iSCSI transport class v2.0-870.
[    4.851725] iscsi: registered transport (tcp)
         Starting Create Static Device Nodes in /dev...
         Starting Load/Save Random Seed...
         Starting Flush Journal to Persistent Storage...
[[0;32m  OK  [0m] Started udev Coldplug all Devices.
[[0;32m  OK  [0m] Started Load/Save Random Seed.
[[0;32m  OK  [0m] Started Create Static Device Nodes in /dev.
         Starting udev Kernel Device Manager...
[    4.906027] iscsi: registered transport (iser)
[[0;32m  OK  [0m] Started Load Kernel Modules.
         Starting Apply Kernel Variables...
         Mounting FUSE Control File System...
         Mounting Kernel Configuration File System...
[[0;32m  OK  [0m] Started Monitoring of LVM2 mirrors,â€¦sing dmeventd or progress polling.
[[0;32m  OK  [0m] Mounted FUSE Control File System.
[[0;32m  OK  [0m] Mounted Kernel Configuration File System.
[    4.944769] systemd-journald[397]: Received request to flush runtime journal from PID 1
[[0;32m  OK  [0m] Started udev Kernel Device Manager.
[[0;32m  OK  [0m] Started Apply Kernel Variables.
[[0;32m  OK  [0m] Started Flush Journal to Persistent Storage.
[[0;32m  OK  [0m] Found device /dev/ttyS0.
[[0;32m  OK  [0m] Listening on Load/Save RF Kill Switch Status /dev/rfkill Watch.
[[0;32m  OK  [0m] Started Set the console keyboard layout.
[[0;32m  OK  [0m] Started Dispatch Password Requests to Console Directory Watch.
[[0;32m  OK  [0m] Reached target Local Encrypted Volumes.
[[0;32m  OK  [0m] Reached target Local File Systems (Pre).
[[0;32m  OK  [0m] Reached target Local File Systems.
         Starting Create Volatile Files and Directories...
         Starting Commit a transient machine-id on disk...
         Starting AppArmor initialization...
         Starting Set console font and keymap...
         Starting ebtables ruleset management...
         Starting Tell Plymouth To Write Out Runtime Data...
[[0;32m  OK  [0m] Started Create Volatile Files and Directories.
[[0;32m  OK  [0m] Started Set console font and keymap.
         Starting Update UTMP about System Boot/Shutdown...
[[0;32m  OK  [0m] Started Tell Plymouth To Write Out Runtime Data.
[[0;32m  OK  [0m] Started Update UTMP about System Boot/Shutdown.
[[0;32m  OK  [0m] Started Commit a transient machine-id on disk.
[[0;32m  OK  [0m] Started ebtables ruleset management.
[[0;32m  OK  [0m] Started AppArmor initialization.
         Starting Initial cloud-init job (pre-networking)...
[    7.121028] cloud-init[647]: Cloud-init v. 19.4-33-gbb4131a2-0ubuntu1~18.04.1 running 'init-local' at Wed, 27 May 2020 18:11:31 +0000. Up 6.81 seconds.
[[0;32m  OK  [0m] Started Initial cloud-init job (pre-networking).
[[0;32m  OK  [0m] Reached target Network (Pre).
         Starting Network Service...
[[0;32m  OK  [0m] Started Network Service.
         Starting Network Name Resolution...
         Starting Wait for Network to be Configured...
[[0;32m  OK  [0m] Started Network Name Resolution.
[[0;32m  OK  [0m] Reached target Host and Network Name Lookups.
[[0;32m  OK  [0m] Reached target Network.
[[0;32m  OK  [0m] Started Wait for Network to be Configured.
         Starting Initial cloud-init job (metadata service crawler)...
[    8.864321] cloud-init[754]: Cloud-init v. 19.4-33-gbb4131a2-0ubuntu1~18.04.1 running 'init' at Wed, 27 May 2020 18:11:33 +0000. Up 8.75 seconds.
[    8.866307] cloud-init[754]: ci-info: ++++++++++++++++++++++++++++++++++++++Net device info+++++++++++++++++++++++++++++++++++++++
[    8.867828] cloud-init[754]: ci-info: +--------+-------+----------------------------+---------------+--------+-------------------+
[    8.869095] cloud-init[754]: ci-info: | Device |   Up  |          Address           |      Mask     | Scope  |     Hw-Address    |
[    8.870795] cloud-init[754]: ci-info: +--------+-------+----------------------------+---------------+--------+-------------------+
[    8.872227] cloud-init[754]: ci-info: | enp0s3 |  True |         10.0.2.15          | 255.255.255.0 | global | 02:d0:42:45:d9:44 |
[    8.873826] cloud-init[754]: ci-info: | enp0s3 |  True | fe80::d0:42ff:fe45:d944/64 |       .       |  link  | 02:d0:42:45:d9:44 |
[    8.875296] cloud-init[754]: ci-info: | enp0s8 | False |             .              |       .       |   .    | 08:00:27:d3:03:6e |
[    8.876774] cloud-init[754]: ci-info: |   lo   |  True |         127.0.0.1          |   255.0.0.0   |  host  |         .         |
[    8.878231] cloud-init[754]: ci-info: |   lo   |  True |          ::1/128           |       .       |  host  |         .         |
[    8.888606] cloud-init[754]: ci-info: +--------+-------+----------------------------+---------------+--------+-------------------+
[    8.890104] cloud-init[754]: ci-info: ++++++++++++++++++++++++++++Route IPv4 info+++++++++++++++++++++++++++++
[    8.900181] cloud-init[754]: ci-info: +-------+-------------+----------+-----------------+-----------+-------+
[    8.901353] cloud-init[754]: ci-info: | Route | Destination | Gateway  |     Genmask     | Interface | Flags |
[    8.902524] cloud-init[754]: ci-info: +-------+-------------+----------+-----------------+-----------+-------+
[    8.912193] cloud-init[754]: ci-info: |   0   |   0.0.0.0   | 10.0.2.2 |     0.0.0.0     |   enp0s3  |   UG  |
[    8.924186] cloud-init[754]: ci-info: |   1   |   10.0.2.0  | 0.0.0.0  |  255.255.255.0  |   enp0s3  |   U   |
[    8.925119] cloud-init[754]: ci-info: |   2   |   10.0.2.2  | 0.0.0.0  | 255.255.255.255 |   enp0s3  |   UH  |
[    8.926579] cloud-init[754]: ci-info: +-------+-------------+----------+-----------------+-----------+-------+
[    8.927835] cloud-init[754]: ci-info: +++++++++++++++++++Route IPv6 info+++++++++++++++++++
[    8.929390] cloud-init[754]: ci-info: +-------+-------------+---------+-----------+-------+
[    8.930797] cloud-init[754]: ci-info: | Route | Destination | Gateway | Interface | Flags |
[    8.931833] cloud-init[754]: ci-info: +-------+-------------+---------+-----------+-------+
[    8.933195] cloud-init[754]: ci-info: |   1   |  fe80::/64  |    ::   |   enp0s3  |   U   |
[    8.944181] cloud-init[754]: ci-info: |   3   |    local    |    ::   |   enp0s3  |   U   |
[    8.945406] cloud-init[754]: ci-info: |   4   |   ff00::/8  |    ::   |   enp0s3  |   U   |
[    8.946661] cloud-init[754]: ci-info: +-------+-------------+---------+-----------+-------+
[    9.445604] cloud-init[754]: Generating public/private rsa key pair.
[    9.446412] cloud-init[754]: Your identification has been saved in /etc/ssh/ssh_host_rsa_key.
[    9.447336] cloud-init[754]: Your public key has been saved in /etc/ssh/ssh_host_rsa_key.pub.
[    9.448324] cloud-init[754]: The key fingerprint is:
[    9.448983] cloud-init[754]: SHA256:RtvonQLy528iiNfHJUy6N8KKjiVTTKDII/u5Q42KzG8 root@ubuntu-bionic
[    9.450024] cloud-init[754]: The key's randomart image is:
[    9.450826] cloud-init[754]: +---[RSA 2048]----+
[    9.451705] cloud-init[754]: |.                |
[    9.464739] cloud-init[754]: |+.               |
[    9.465555] cloud-init[754]: |+o.     .        |
[    9.476314] cloud-init[754]: |.+.    ..+       |
[    9.476847] cloud-init[754]: |. oo. .+S .      |
[    9.488589] cloud-init[754]: | oo..o.+o...     |
[[0;32m  OK  [0m] Started Initial cloud-init job (metadata service crawler).
[    9.505137] cloud-init[[0;32m  OK  [0m] Reached target Network is Online.
[754]: |*o+. +.o+oo      |
         Starting Availability of block devices...
[    9.517077] cloud-init[[0;32m  OK  [0m] Reached target Remote File Systems (Pre).
[[0;32m  OK  [0m] Reached target Remote File Systems.
[[0;32m  OK  [0m] Reached target System Initialization.
[[0;32m  OK  [0m] Listening on Open-iSCSI iscsid Socket.
[[0;32m  OK  [0m] Started Message of the Day.
[[0;32m  OK  [0m] Started Daily apt download activities.
[754]: |oBoEo *o*..      |
         Starting LXD - unix socket.
[    9.522581] [[0;32m  OK  [0m] Listening on UUID daemon activation socket.
cloud-init[754]: |..*+.. =.=.      |         
Starting Socket activation for snappy daemon.
[[0;32m  OK  [0m] Started Daily apt upgrade and clean activities.
[[0;32m  OK  [0m] Started Daily Cleanup of Temporary Directories.
[[0;32m  OK  [0m] Listening on ACPID Listen Socket.
[[0;32m  OK  [0m] Started Discard unused blocks once a week.
[    9.536861] cloud-init[[0;32m  OK  [0m] Started ACPI Events Check.
[[0;32m  OK  [0m] Reached target Paths.
[754]: +----[SHA256]-----+
[[0;32m  OK  [0m] Listening on D-Bus System Message Bus Socket.
[[0;32m  OK  [0m] Reached target Timers.
[[0;32m  OK  [0m] Reached target Cloud-config availability.
[[0;32m  OK  [0m] Started Availability of block devices.
[[0;32m  OK  [0m] Listening on LXD - unix socket.
[[0;32m  OK  [0m] Listening on Socket activation for snappy daemon.
[[0;32m  OK  [0m] Reached target Sockets.
[[0;32m  OK  [0m] Reached target Basic System.
[    9.552150]          Starting Virtualbox guest utils...
         Starting LSB: Record successful boot for GRUB...
         Starting Permit User Sessions...
[[0;32m  OK  [0m] Started irqbalance daemon.
[[0;32m  OK  [0m] Started Deferred execution scheduler.
cloud-init[754]: Generating public/private dsa key pair.
[    9.594992] [[0;32m  OK  [0m] Started Regular background program processing daemon.
[[0;32m  OK  [0m] Started FUSE filesystem for LXC.
cloud-init[754]: Your identification has been saved in /etc/ssh/ssh_host_dsa_key.
[    9.597816] cloud-init[754]: Your public key has been saved in /etc/ssh/ssh_host_dsa_key.pub.
[    9.612288] cloud-init[754]: The key fingerprint is:
[    9.613063] cloud-init[754]: SHA256:wEI4yxU6kGtC3IoI18xUJvI7/ka7F6jlP87OyZxGnVA root@ubuntu-bionic
[    9.613956] cloud-init[754]: The key's randomart image is:
[    9.614554] cloud-init[754]: +---[DSA 1024]----+
         Starting Dispatcher daemon for systemd-networkd...
[    9.629609] cloud-init[754]: |o.o*=oo          |         Starting System Logging Service...
         Starting LSB: automatic crash report generation...

[    9.633655]          Starting Login Service...
cloud-init[754]: |o++*=+    E      |
[    9.645527] cloud-init[754]: |=+++o o  .       |
[    9.649497] cloud-init[754]: |=oo. o ..        |
[    9.650799] cloud-init[754]: |o   o  .So .     |
[    9.652229] cloud-init[754]: |   . .+ o o      |
[    9.664464] cloud-init[754]: |    .= o .       |
[    9.676457] cloud-init[754]: |    ..+=+o       |
[    9.677285] cloud-init[754]: |     .oB@.       |
[    9.678234] cloud-init[754]: +----[SHA256]-----+
[    9.679209] cloud-init[754]: Generating public/private ecdsa key pair.
[    9.680572] cloud-init[754]: Your identification has been saved in /etc/ssh/ssh_host_ecdsa_key.
         Starting Snappy daemon...
[    9.692471] cloud-init[754]: Your public key has been saved in /etc/ssh/ssh_host_ecdsa_key.pub.
[[0;32m  OK  [0m] Started D-Bus System Message Bus.
[    9.717253] cloud-init[754]: The key fingerprint is:
[    9.718224] cloud-init[754]: SHA256:wTQx8i5sDQNuKNJHIdw0akdKKF8NcLmjsg6T5wMrjQs root@ubuntu-bionic
[    9.721072] cloud-init[754]: The key's randomart image is:
[    9.724577] cloud-init[754]: +---[ECDSA 256]---+
[    9.726747] cloud-init[754]: | o++X=. =.       |
[    9.728761] cloud-init[754]: |oo.X+o.= o       |
[    9.730513] cloud-init[754]: |+.*.=.o +        |
[    9.731458] cloud-init[754]: |.o.+o. = .       |
[    9.732912] cloud-init[754]: |   . .+ S        |
[    9.734862] cloud-init[754]: |o..  . .         |
[    9.736384] cloud-init[754]: |EB.              |
[    9.738179] cloud-init[754]: |B+o              |
[    9.740041] cloud-init[754]: |+o..             |
[    9.742071] cloud-init[754]: +----[SHA256]-----+
[    9.743874] cloud-init[754]: Generating public/private ed25519 key pair.
[    9.746272] cloud-init[754]: Your identification has been saved in /etc/ssh/ssh_host_ed25519_key.
[    9.748611] cloud-init[754]: Your public key has been saved in /etc/ssh/ssh_host_ed25519_key.pub.
[    9.753021] cloud-init[754]: The key fingerprint is:
[    9.754758] cloud-init[754]: SHA256:pGAtVZAcl3gTV47YIm5z+5NUmi8Y1F0j9lakBRLoP88 root@ubuntu-bionic
[    9.759689] cloud-init[754]: The key's randomart image is:
[    9.762668] cloud-init[754]: +--[ED25519 256]--+
[    9.766085] cloud-init[754]: |     .+*+o.o+..oo|
[    9.768276] cloud-init[754]: |     o+.++.oo.oo.|
[    9.770344] cloud-init[754]: |    + o.++oo.+.o |
[    9.772192] cloud-init[754]: |   . + +..o o o  |
[    9.773101] cloud-init[754]: |      =.S  = .   |
[    9.774386] cloud-init[754]: |     . o..+ o    |
[    9.777122] cloud-init[754]: |        .+ o +   |
[    9.779093] cloud-init[754]: |        ..+ . E  |
[    9.782303] cloud-init[754]: |          .o     |
[    9.783451] cloud-init[754]: +----[SHA256]-----+
[[0;32m  OK  [0m] Started Login Service.
[[0;32m  OK  [0m] Started Unattended Upgrades Shutdown.
         Starting Accounts Service...
         Starting Pollinate to seed the pseudo random number generator...
         Starting LXD - container startup/shutdown...
[[0;32m  OK  [0m] Started System Logging Service.
[[0;32m  OK  [0m] Started Permit User Sessions.
         Starting Terminate Plymouth Boot Screen...
         Starting Hold until boot process finishes up...
[[0;32m  OK  [0m] Started Hold until boot process finishes up.
         Starting Set console scheme...
[[0;32m  OK  [0m] Started Serial Getty on ttyS0.
[[0;32m  OK  [0m] Started Terminate Plymouth Boot Screen.
[[0;32m  OK  [0m] Started Set console scheme.
[[0;32m  OK  [0m] Created slice system-getty.slice.
[[0;32m  OK  [0m] Started Getty on tty1.
[[0;32m  OK  [0m] Reached target Login Prompts.
         Starting Authorization Manager...
[[0;32m  OK  [0m] Started LSB: automatic crash report generation.
[[0;32m  OK  [0m] Started Authorization Manager.
[[0;32m  OK  [0m] Started Accounts Service.
[[0;32m  OK  [0m] Started LXD - container startup/shutdown.
[[0;32m  OK  [0m] Started Virtualbox guest utils.
[[0;32m  OK  [0m] Started LSB: Record successful boot for GRUB.
[[0;32m  OK  [0m] Started Dispatcher daemon for systemd-networkd.
[[0;32m  OK  [0m] Started Snappy daemon.
         Starting Wait until snapd is fully seeded...
[[0;32m  OK  [0m] Started Pollinate to seed the pseudo random number generator.
         Starting OpenBSD Secure Shell server...
[[0;32m  OK  [0m] Started OpenBSD Secure Shell server.
[[0;32m  OK  [0m] Started Wait until snapd is fully seeded.
         Starting Apply the settings specified in cloud-config...
[[0;32m  OK  [0m] Reached target Multi-User System.
[[0;32m  OK  [0m] Reached target Graphical Interface.
         Starting Update UTMP about System Runlevel Changes...
[[0;32m  OK  [0m] Started Update UTMP about System Runlevel Changes.
[   11.594458] cloud-init[1250]: Cloud-init v. 19.4-33-gbb4131a2-0ubuntu1~18.04.1 running 'modules:config' at Wed, 27 May 2020 18:11:36 +0000. Up 11.30 seconds.
[[0;32m  OK  [0m] Started Apply the settings specified in cloud-config.
         Starting Execute cloud user/final scripts...
ci-info: no authorized SSH keys fingerprints found for user ubuntu.
<14>May 27 18:11:36 ec2: 
<14>May 27 18:11:36 ec2: #############################################################
<14>May 27 18:11:36 ec2: -----BEGIN SSH HOST KEY FINGERPRINTS-----
<14>May 27 18:11:36 ec2: 1024 SHA256:wEI4yxU6kGtC3IoI18xUJvI7/ka7F6jlP87OyZxGnVA root@ubuntu-bionic (DSA)
<14>May 27 18:11:36 ec2: 256 SHA256:wTQx8i5sDQNuKNJHIdw0akdKKF8NcLmjsg6T5wMrjQs root@ubuntu-bionic (ECDSA)
<14>May 27 18:11:36 ec2: 256 SHA256:pGAtVZAcl3gTV47YIm5z+5NUmi8Y1F0j9lakBRLoP88 root@ubuntu-bionic (ED25519)
<14>May 27 18:11:36 ec2: 2048 SHA256:RtvonQLy528iiNfHJUy6N8KKjiVTTKDII/u5Q42KzG8 root@ubuntu-bionic (RSA)
<14>May 27 18:11:36 ec2: -----END SSH HOST KEY FINGERPRINTS-----
<14>May 27 18:11:36 ec2: #############################################################
-----BEGIN SSH HOST KEY KEYS-----
ecdsa-sha2-nistp256 AAAAE2VjZHNhLXNoYTItbmlzdHAyNTYAAAAIbmlzdHAyNTYAAABBBGI1O/XwWRmV88cyI6kn8w0+LuXJOpDu4RAMi4GHhSGoxoZWBUsNFBgjsYVD6cDlM2uCmBGKkuqjvjhH7fDe4r8= root@ubuntu-bionic
ssh-ed25519 AAAAC3NzaC1lZDI1NTE5AAAAIHlAXj+WORg+z05LNQ5u9yPZARPHz+b/X5EqteFsi9MU root@ubuntu-bionic
ssh-rsa AAAAB3NzaC1yc2EAAAADAQABAAABAQC5pPIgSW7/cRPTF3cTVB17Y1jEPEmxZCqchRnUAtzvMv1k5JlKI35PVZEavkuOPGYCg2+U0HlqgngJQuYTp8SNFw8X7hgpewWj6lxUISY9vm5DAq3UpiOMX2iq1MJGsXdzLAllUWPmH5GGHWtf/zlThAIYF44uUI670QCnd9hcSTCJjkF0NSGTn0+sDQCWKcenJXfLHq1z20z6jiTcBIy9Tp9x1stgVKOB7Xocs3wxDCZyvruMK3SyPdDpmNXTpj2i4OckRGrTGjWHe1zJKULSTDJwdohnxtwDqi5Z9hTXeo6n9qNF1sQoXedzT9vc8Iqs9fICPessSReSdqdSAusl root@ubuntu-bionic
-----END SSH HOST KEY KEYS-----
[   12.145068] cloud-init[1291]: Cloud-init v. 19.4-33-gbb4131a2-0ubuntu1~18.04.1 running 'modules:final' at Wed, 27 May 2020 18:11:36 +0000. Up 11.97 seconds.
[   12.148709] cloud-init[1291]: ci-info: no authorized SSH keys fingerprints found for user ubuntu.
[   12.150297] cloud-init[1291]: Cloud-init v. 19.4-33-gbb4131a2-0ubuntu1~18.04.1 finished at Wed, 27 May 2020 18:11:36 +0000. Datasource DataSourceNoCloud [seed=/dev/sdb][dsmode=net].  Up 12.13 seconds
[[0;32m  OK  [0m] Started Execute cloud user/final scripts.
[[0;32m  OK  [0m] Reached target Cloud-init target.

Ubuntu 18.04.4 LTS ubuntu-bionic ttyS0

ubuntu-bionic login: 